
PC20@DESKTOP-H9MQ4MA MINGW64 ~/Desktop/ramon magsaysay
$ ls 
style.css  Untitled-1.html

PC20@DESKTOP-H9MQ4MA MINGW64 ~/Desktop/ramon magsaysay
$ cd Documents
bash: cd: Documents: No such file or directory

PC20@DESKTOP-H9MQ4MA MINGW64 ~/Desktop/ramon magsaysay
$ cd git-lab
bash: cd: git-lab: No such file or directory

PC20@DESKTOP-H9MQ4MA MINGW64 ~/Desktop/ramon magsaysay
$ ls
style.css  Untitled-1.html

PC20@DESKTOP-H9MQ4MA MINGW64 ~/Desktop/ramon magsaysay
$ cd

PC20@DESKTOP-H9MQ4MA MINGW64 ~
$ ls
'3D Objects'/            'My Documents'@                                                                                 OneDrive/
 AppData/                 NetHood@                                                                                       Pictures/
'Application Data'@       NTUSER.DAT                                                                                     PrintHood@
 Contacts/                ntuser.dat.LOG1                                                                                Recent@
 Cookies@                 ntuser.dat.LOG2                                                                               'Saved Games'/
 Desktop/                 NTUSER.DAT{53b39e87-18c4-11ea-a811-000d3aa4692b}.TxR.0.regtrans-ms                             Searches/
 Documents/               NTUSER.DAT{53b39e87-18c4-11ea-a811-000d3aa4692b}.TxR.1.regtrans-ms                             SendTo@
 Downloads/               NTUSER.DAT{53b39e87-18c4-11ea-a811-000d3aa4692b}.TxR.2.regtrans-ms                            'Start Menu'@
 Favorites/               NTUSER.DAT{53b39e87-18c4-11ea-a811-000d3aa4692b}.TxR.blf                                       Templates@
 IntelGraphicsProfiles/   NTUSER.DAT{53b39e88-18c4-11ea-a811-000d3aa4692b}.TM.blf                                        Untitled-1.py
 Links/                   NTUSER.DAT{53b39e88-18c4-11ea-a811-000d3aa4692b}.TMContainer00000000000000000001.regtrans-ms   Videos/
'Local Settings'@         NTUSER.DAT{53b39e88-18c4-11ea-a811-000d3aa4692b}.TMContainer00000000000000000002.regtrans-ms   vote.py
 Music/                   ntuser.ini

PC20@DESKTOP-H9MQ4MA MINGW64 ~
$ cd Documents 

PC20@DESKTOP-H9MQ4MA MINGW64 ~/Documents
$ git clone https://github.com/SHANEPOGI/Git-lab.git
Cloning into 'Git-lab'...
warning: You appear to have cloned an empty repository.

PC20@DESKTOP-H9MQ4MA MINGW64 ~/Documents
$ ls
 001-cli-activity/                             'Custom Office Templates'/      'PLATE NO 5, UGOT JOHN BENEDICT D.bak'        'PLATE NO.2 UGOT, JOHN BENEDICT D.dwg'
 002-cli-activity/                              desktop.ini                    'PLATE NO 5, UGOT JOHN BENEDICT D.dwg'        'PLATE NO.3 BALANSAY, SHERWIN M.dwg'
'ACTIVITY 1, UGOT JOHN BENEDICT D.bak'          Downloads/                     'PLATE NO. 2 MALICDEM, JUSTIN DENVER C..bak'  'PLATE NO.3 MALICDEM, JUSTIN DENVER C.bak'
'ACTIVITY 1, UGOT JOHN BENEDICT D.dwg'          Drawing6.dwg                   'PLATE NO. 2 MALICDEM, JUSTIN DENVER C..dwg'  'PLATE NO.3 MALICDEM, JUSTIN DENVER C.dwg'
 autobio/                                       Git-lab/                       'PLATE NO. 5 MALICDEM.JUSTIN S.bak'           'PLATE NO.3 UGOT JOHN BENEDICT D.bak'
'CHECK UP EXAM, BALANSAY, SHERWIN M.bak'        heart/                         'PLATE NO. 5 MALICDEM.JUSTIN S.dwg'           'PLATE NO.3 UGOT JOHN BENEDICT D.dwg'
'CHECK UP EXAM, BALANSAY, SHERWIN M.dwg'       'Inventor Server for AutoCAD'/  'PLATE NO.1 BALANSAY, SHERWIN M.dwg'          'PLATE NO.4 BALANSAY, SHERWIN M.dwg'
'CHECKUP EXAM, MALICDEM, JUSTIN DENVER C.bak'  'My Music'@                     'PLATE NO.1 MALICDEM, JUSTIN DENVER C.bak'    'PLATE NO.5 BALANSAY, SHERWIN M.bak'
'CHECKUP EXAM, MALICDEM, JUSTIN DENVER C.dwg'  'My Pictures'@                  'PLATE NO.1 MALICDEM, JUSTIN DENVER C.dwg'    'PLATE NO.5 BALANSAY, SHERWIN M.dwg'
 completion/                                   'My Videos'@                    'PLATE NO.2 BALANSAY, SHERWIN M.dwg'          'PLATE NO.5 MALICDEM, JUSTIN DENVER C.bak'
'CUEX- UGOT JOHN BENEDICT D.dwg'               'New folder'/                   'PLATE NO.2 UGOT, JOHN BENEDICT D.bak'        'PLATE NO.5 MALICDEM, JUSTIN DENVER C.dwg'

PC20@DESKTOP-H9MQ4MA MINGW64 ~/Documents
$ git clone ^C

PC20@DESKTOP-H9MQ4MA MINGW64 ~/Documents
$ https://github.com/SHANEPOGI/Git-lab.git
bash: https://github.com/SHANEPOGI/Git-lab.git: No such file or directory

PC20@DESKTOP-H9MQ4MA MINGW64 ~/Documents
$ cd git-lab

PC20@DESKTOP-H9MQ4MA MINGW64 ~/Documents/git-lab (main)
$ touch
touch: missing file operand
Try 'touch --help' for more information.

PC20@DESKTOP-H9MQ4MA MINGW64 ~/Documents/git-lab (main)
$ touch index.html

PC20@DESKTOP-H9MQ4MA MINGW64 ~/Documents/git-lab (main)
$ git add index.html 

PC20@DESKTOP-H9MQ4MA MINGW64 ~/Documents/git-lab (main)
$ git commit -m "added html file"
Author identity unknown

*** Please tell me who you are.

Run

  git config --global user.email "you@example.com"
  git config --global user.name "Your Name"

to set your account's default identity.
Omit --global to set the identity only in this repository.

fatal: unable to auto-detect email address (got 'PC20@DESKTOP-H9MQ4MA.(none)')

PC20@DESKTOP-H9MQ4MA MINGW64 ~/Documents/git-lab (main)
$ git config --global user.email "shanelayug936@gmail.com"

PC20@DESKTOP-H9MQ4MA MINGW64 ~/Documents/git-lab (main)
$ git config --global user.name "SHANEPOGI"

PC20@DESKTOP-H9MQ4MA MINGW64 ~/Documents/git-lab (main)
$ git push origin main 
error: src refspec main does not match any
error: failed to push some refs to 'https://github.com/SHANEPOGI/Git-lab.git'

PC20@DESKTOP-H9MQ4MA MINGW64 ~/Documents/git-lab (main)
$ git push -u origin main
error: src refspec main does not match any
error: failed to push some refs to 'https://github.com/SHANEPOGI/Git-lab.git'

PC20@DESKTOP-H9MQ4MA MINGW64 ~/Documents/git-lab (main)
$ git push -u origin main
error: src refspec main does not match any
error: failed to push some refs to 'https://github.com/SHANEPOGI/Git-lab.git'

PC20@DESKTOP-H9MQ4MA MINGW64 ~/Documents/git-lab (main)
$

PC20@DESKTOP-H9MQ4MA MINGW64 ~/Documents/git-lab (main)
$ git pull origin main
fatal: couldn't find remote ref main

PC20@DESKTOP-H9MQ4MA MINGW64 ~/Documents/git-lab (main)
$ git pull
Your configuration specifies to merge with the ref 'refs/heads/main'
from the remote, but no such ref was fetched.

PC20@DESKTOP-H9MQ4MA MINGW64 ~/Documents/git-lab (main)
$ git push -u origin main
error: src refspec main does not match any
error: failed to push some refs to 'https://github.com/SHANEPOGI/Git-lab.git'

PC20@DESKTOP-H9MQ4MA MINGW64 ~/Documents/git-lab (main)
$ git pull --rebase origin main
fatal: Updating an unborn branch with changes added to the index.

PC20@DESKTOP-H9MQ4MA MINGW64 ~/Documents/git-lab (main)
$ git commit -m "initial commit"
[main (root-commit) 743a8f1] initial commit
 1 file changed, 0 insertions(+), 0 deletions(-)
 create mode 100644 index.html

PC20@DESKTOP-H9MQ4MA MINGW64 ~/Documents/git-lab (main)
$ git push origin main
info: please complete authentication in your browser...
Enumerating objects: 3, done.
Counting objects: 100% (3/3), done.
Writing objects: 100% (3/3), 224 bytes | 56.00 KiB/s, done.
Total 3 (delta 0), reused 0 (delta 0), pack-reused 0
To https://github.com/SHANEPOGI/Git-lab.git
 * [new branch]      main -> main

PC20@DESKTOP-H9MQ4MA MINGW64 ~/Documents/git-lab (main)
$ git push origin main
Everything up-to-date

PC20@DESKTOP-H9MQ4MA MINGW64 ~/Documents/git-lab (main)
$ code index.html

PC20@DESKTOP-H9MQ4MA MINGW64 ~/Documents/git-lab (main)
$ git add index.html 

PC20@DESKTOP-H9MQ4MA MINGW64 ~/Documents/git-lab (main)
$ git commit -m "added text in html "
[main aafea6a] added text in html
 1 file changed, 1 insertion(+)

PC20@DESKTOP-H9MQ4MA MINGW64 ~/Documents/git-lab (main)
$ git push origin main
Enumerating objects: 5, done.
Counting objects: 100% (5/5), done.
Writing objects: 100% (3/3), 278 bytes | 278.00 KiB/s, done.
Total 3 (delta 0), reused 0 (delta 0), pack-reused 0
To https://github.com/SHANEPOGI/Git-lab.git
   743a8f1..aafea6a  main -> main

PC20@DESKTOP-H9MQ4MA MINGW64 ~/Documents/git-lab (main)
$ touch style.css

PC20@DESKTOP-H9MQ4MA MINGW64 ~/Documents/git-lab (main)
$ git add style.css

PC20@DESKTOP-H9MQ4MA MINGW64 ~/Documents/git-lab (main)
$ git commit -m "added styling"
[main e9793de] added styling
 1 file changed, 0 insertions(+), 0 deletions(-)
 create mode 100644 style.css

PC20@DESKTOP-H9MQ4MA MINGW64 ~/Documents/git-lab (main)
$ git push origin  main
Enumerating objects: 4, done.
Counting objects: 100% (4/4), done.
Delta compression using up to 4 threads
Compressing objects: 100% (2/2), done.
Writing objects: 100% (3/3), 289 bytes | 289.00 KiB/s, done.
Total 3 (delta 0), reused 0 (delta 0), pack-reused 0
To https://github.com/SHANEPOGI/Git-lab.git
   aafea6a..e9793de  main -> main

PC20@DESKTOP-H9MQ4MA MINGW64 ~/Documents/git-lab (main)
$ code style.css

PC20@DESKTOP-H9MQ4MA MINGW64 ~/Documents/git-lab (main)
$

PC20@DESKTOP-H9MQ4MA MINGW64 ~/Documents/git-lab (main)
$ git add style.css

PC20@DESKTOP-H9MQ4MA MINGW64 ~/Documents/git-lab (main)
$ git commit -m "added styling"
[main c66ef13] added styling
 1 file changed, 1 insertion(+)

PC20@DESKTOP-H9MQ4MA MINGW64 ~/Documents/git-lab (main)
$ git push origin main 
Enumerating objects: 5, done.
Counting objects: 100% (5/5), done.
Delta compression using up to 4 threads
Compressing objects: 100% (2/2), done.
Writing objects: 100% (3/3), 317 bytes | 317.00 KiB/s, done.
Total 3 (delta 0), reused 0 (delta 0), pack-reused 0
To https://github.com/SHANEPOGI/Git-lab.git
   e9793de..c66ef13  main -> main

PC20@DESKTOP-H9MQ4MA MINGW64 ~/Documents/git-lab (main)
$ code script.js

PC20@DESKTOP-H9MQ4MA MINGW64 ~/Documents/git-lab (main)
$ touch script.js

PC20@DESKTOP-H9MQ4MA MINGW64 ~/Documents/git-lab (main)
$ git add script.js

PC20@DESKTOP-H9MQ4MA MINGW64 ~/Documents/git-lab (main)
$ git commit -m "adding script.js"
[main 0d01b22] adding script.js
 1 file changed, 1 insertion(+)
 create mode 100644 script.js

PC20@DESKTOP-H9MQ4MA MINGW64 ~/Documents/git-lab (main)
$ git push origin main
Enumerating objects: 4, done.
Counting objects: 100% (4/4), done.
Delta compression using up to 4 threads
Compressing objects: 100% (2/2), done.
Writing objects: 100% (3/3), 352 bytes | 352.00 KiB/s, done.
Total 3 (delta 0), reused 0 (delta 0), pack-reused 0
To https://github.com/SHANEPOGI/Git-lab.git
   c66ef13..0d01b22  main -> main

PC20@DESKTOP-H9MQ4MA MINGW64 ~/Documents/git-lab (main)
$ git branch
* main

PC20@DESKTOP-H9MQ4MA MINGW64 ~/Documents/git-lab (main)
$ git branch Lab

PC20@DESKTOP-H9MQ4MA MINGW64 ~/Documents/git-lab (main)
$ git checkout ,ab
error: pathspec ',ab' did not match any file(s) known to git

PC20@DESKTOP-H9MQ4MA MINGW64 ~/Documents/git-lab (main)
$ git checkout lab
Switched to branch 'lab'

PC20@DESKTOP-H9MQ4MA MINGW64 ~/Documents/git-lab (lab)
$ touch index.html

PC20@DESKTOP-H9MQ4MA MINGW64 ~/Documents/git-lab (lab)
$ mk dir index.html
bash: mk: command not found

PC20@DESKTOP-H9MQ4MA MINGW64 ~/Documents/git-lab (lab)
$ mkdir branch

PC20@DESKTOP-H9MQ4MA MINGW64 ~/Documents/git-lab (lab)
$ cd branch

PC20@DESKTOP-H9MQ4MA MINGW64 ~/Documents/git-lab/branch (lab)
$ cd

PC20@DESKTOP-H9MQ4MA MINGW64 ~
$ branch
bash: branch: command not found

PC20@DESKTOP-H9MQ4MA MINGW64 ~
$ ls
'3D Objects'/            'My Documents'@                                                                                 OneDrive/
 AppData/                 NetHood@                                                                                       Pictures/
'Application Data'@       NTUSER.DAT                                                                                     PrintHood@
 Contacts/                ntuser.dat.LOG1                                                                                Recent@
 Cookies@                 ntuser.dat.LOG2                                                                               'Saved Games'/
 Desktop/                 NTUSER.DAT{53b39e87-18c4-11ea-a811-000d3aa4692b}.TxR.0.regtrans-ms                             Searches/
 Documents/               NTUSER.DAT{53b39e87-18c4-11ea-a811-000d3aa4692b}.TxR.1.regtrans-ms                             SendTo@
 Downloads/               NTUSER.DAT{53b39e87-18c4-11ea-a811-000d3aa4692b}.TxR.2.regtrans-ms                            'Start Menu'@
 Favorites/               NTUSER.DAT{53b39e87-18c4-11ea-a811-000d3aa4692b}.TxR.blf                                       Templates@
 IntelGraphicsProfiles/   NTUSER.DAT{53b39e88-18c4-11ea-a811-000d3aa4692b}.TM.blf                                        Untitled-1.py
 Links/                   NTUSER.DAT{53b39e88-18c4-11ea-a811-000d3aa4692b}.TMContainer00000000000000000001.regtrans-ms   Videos/
'Local Settings'@         NTUSER.DAT{53b39e88-18c4-11ea-a811-000d3aa4692b}.TMContainer00000000000000000002.regtrans-ms   vote.py
 Music/                   ntuser.ini

PC20@DESKTOP-H9MQ4MA MINGW64 ~
$ cd

PC20@DESKTOP-H9MQ4MA MINGW64 ~
$ mkdir branch

PC20@DESKTOP-H9MQ4MA MINGW64 ~
$ ls
'3D Objects'/             Music/                                                                                         ntuser.ini
 AppData/                'My Documents'@                                                                                 OneDrive/
'Application Data'@       NetHood@                                                                                       Pictures/
 branch/                  NTUSER.DAT                                                                                     PrintHood@
 Contacts/                ntuser.dat.LOG1                                                                                Recent@
 Cookies@                 ntuser.dat.LOG2                                                                               'Saved Games'/
 Desktop/                 NTUSER.DAT{53b39e87-18c4-11ea-a811-000d3aa4692b}.TxR.0.regtrans-ms                             Searches/
 Documents/               NTUSER.DAT{53b39e87-18c4-11ea-a811-000d3aa4692b}.TxR.1.regtrans-ms                             SendTo@
 Downloads/               NTUSER.DAT{53b39e87-18c4-11ea-a811-000d3aa4692b}.TxR.2.regtrans-ms                            'Start Menu'@
 Favorites/               NTUSER.DAT{53b39e87-18c4-11ea-a811-000d3aa4692b}.TxR.blf                                       Templates@
 IntelGraphicsProfiles/   NTUSER.DAT{53b39e88-18c4-11ea-a811-000d3aa4692b}.TM.blf                                        Untitled-1.py
 Links/                   NTUSER.DAT{53b39e88-18c4-11ea-a811-000d3aa4692b}.TMContainer00000000000000000001.regtrans-ms   Videos/
'Local Settings'@         NTUSER.DAT{53b39e88-18c4-11ea-a811-000d3aa4692b}.TMContainer00000000000000000002.regtrans-ms   vote.py

PC20@DESKTOP-H9MQ4MA MINGW64 ~
$ cd branch

PC20@DESKTOP-H9MQ4MA MINGW64 ~/branch
$ ls

PC20@DESKTOP-H9MQ4MA MINGW64 ~/branch
$ mkdir branch

PC20@DESKTOP-H9MQ4MA MINGW64 ~/branch
$ cd ~

PC20@DESKTOP-H9MQ4MA MINGW64 ~
$ cd Documents

PC20@DESKTOP-H9MQ4MA MINGW64 ~/Documents
$ cd

PC20@DESKTOP-H9MQ4MA MINGW64 ~
$ cd Documents

PC20@DESKTOP-H9MQ4MA MINGW64 ~/Documents
$ cd Git-lab

PC20@DESKTOP-H9MQ4MA MINGW64 ~/Documents/Git-lab (lab)
$ ls
branch/  index.html  script.js  style.css

PC20@DESKTOP-H9MQ4MA MINGW64 ~/Documents/Git-lab (lab)
$ cd branch

PC20@DESKTOP-H9MQ4MA MINGW64 ~/Documents/Git-lab/branch (lab)
$ touch index.html

PC20@DESKTOP-H9MQ4MA MINGW64 ~/Documents/Git-lab/branch (lab)
$ code index.html

PC20@DESKTOP-H9MQ4MA MINGW64 ~/Documents/Git-lab/branch (lab)
$ git add index.html

PC20@DESKTOP-H9MQ4MA MINGW64 ~/Documents/Git-lab/branch (lab)
$ git commit -m "adding index.html"
[lab 4ddbabf] adding index.html
 1 file changed, 1 insertion(+)
 create mode 100644 branch/index.html

PC20@DESKTOP-H9MQ4MA MINGW64 ~/Documents/Git-lab/branch (lab)
$ git push  origin lab
Enumerating objects: 5, done.
Counting objects: 100% (5/5), done.
Delta compression using up to 4 threads
Compressing objects: 100% (2/2), done.
Writing objects: 100% (4/4), 438 bytes | 438.00 KiB/s, done.
Total 4 (delta 0), reused 0 (delta 0), pack-reused 0
remote: 
remote: Create a pull request for 'lab' on GitHub by visiting:
remote:      https://github.com/SHANEPOGI/Git-lab/pull/new/lab
remote:
To https://github.com/SHANEPOGI/Git-lab.git
 * [new branch]      lab -> lab

PC20@DESKTOP-H9MQ4MA MINGW64 ~/Documents/Git-lab/branch (lab)
$ code style.css

PC20@DESKTOP-H9MQ4MA MINGW64 ~/Documents/Git-lab/branch (lab)
$ touch style.css

PC20@DESKTOP-H9MQ4MA MINGW64 ~/Documents/Git-lab/branch (lab)
$ git add style.css

PC20@DESKTOP-H9MQ4MA MINGW64 ~/Documents/Git-lab/branch (lab)
$ git commit -m "adding style.css"
[lab c195091] adding style.css
 1 file changed, 1 insertion(+)
 create mode 100644 branch/style.css

PC20@DESKTOP-H9MQ4MA MINGW64 ~/Documents/Git-lab/branch (lab)
$ git push original lab
fatal: 'original' does not appear to be a git repository
fatal: Could not read from remote repository.

Please make sure you have the correct access rights
and the repository exists.

PC20@DESKTOP-H9MQ4MA MINGW64 ~/Documents/Git-lab/branch (lab)
$ git push origin lab
Enumerating objects: 6, done.
Counting objects: 100% (6/6), done.
Delta compression using up to 4 threads
Compressing objects: 100% (3/3), done.
Writing objects: 100% (4/4), 471 bytes | 471.00 KiB/s, done.
Total 4 (delta 0), reused 0 (delta 0), pack-reused 0
To https://github.com/SHANEPOGI/Git-lab.git
   4ddbabf..c195091  lab -> lab

PC20@DESKTOP-H9MQ4MA MINGW64 ~/Documents/Git-lab/branch (lab)
$ code script.jss

PC20@DESKTOP-H9MQ4MA MINGW64 ~/Documents/Git-lab/branch (lab)
$ touch script.jss

PC20@DESKTOP-H9MQ4MA MINGW64 ~/Documents/Git-lab/branch (lab)
$ git add script.jss

PC20@DESKTOP-H9MQ4MA MINGW64 ~/Documents/Git-lab/branch (lab)
$ git commit -m "adding script.jss"
[lab e94a3e8] adding script.jss
 1 file changed, 0 insertions(+), 0 deletions(-)
 create mode 100644 branch/script.jss

PC20@DESKTOP-H9MQ4MA MINGW64 ~/Documents/Git-lab/branch (lab)
$ git push origin main
Everything up-to-date

PC20@DESKTOP-H9MQ4MA MINGW64 ~/Documents/Git-lab/branch (lab)
$ git commit
On branch lab
nothing to commit, working tree clean

PC20@DESKTOP-H9MQ4MA MINGW64 ~/Documents/Git-lab/branch (lab)
$ git commit -m
error: switch `m' requires a value

PC20@DESKTOP-H9MQ4MA MINGW64 ~/Documents/Git-lab/branch (lab)
$ git commit -m "adding script.jss"
On branch lab
nothing to commit, working tree clean

PC20@DESKTOP-H9MQ4MA MINGW64 ~/Documents/Git-lab/branch (lab)
$ git lab
git: 'lab' is not a git command. See 'git --help'.

The most similar commands are
        blame
        clean
        lfs
        log
        tag
        var

PC20@DESKTOP-H9MQ4MA MINGW64 ~/Documents/Git-lab/branch (lab)
$ git log
commit e94a3e888e0662c217c088f989f526af9d9544c1 (HEAD -> lab)
Author: SHANEPOGI <shanelayug936@gmail.com>
Date:   Sat Feb 24 15:37:14 2024 +0800

    adding script.jss

commit c195091275379e89679d59d9dabf0c36318a711c (origin/lab)
Author: SHANEPOGI <shanelayug936@gmail.com>
Date:   Sat Feb 24 15:34:53 2024 +0800

    adding style.css

PC20@DESKTOP-H9MQ4MA MINGW64 ~/Documents/Git-lab/branch (lab)
$ git status
On branch lab
nothing to commit, working tree clean

PC20@DESKTOP-H9MQ4MA MINGW64 ~/Documents/Git-lab/branch (lab)
$ git log
commit e94a3e888e0662c217c088f989f526af9d9544c1 (HEAD -> lab)
Author: SHANEPOGI <shanelayug936@gmail.com>
Date:   Sat Feb 24 15:37:14 2024 +0800

    adding script.jss

commit c195091275379e89679d59d9dabf0c36318a711c (origin/lab)
Author: SHANEPOGI <shanelayug936@gmail.com>
Date:   Sat Feb 24 15:34:53 2024 +0800

    adding style.css

PC20@DESKTOP-H9MQ4MA MINGW64 ~/Documents/Git-lab/branch (lab)
$ mkdir REVIEWER

PC20@DESKTOP-H9MQ4MA MINGW64 ~/Documents/Git-lab/branch (lab)
$ CD REVIEWER
bash: CD: command not found

PC20@DESKTOP-H9MQ4MA MINGW64 ~/Documents/Git-lab/branch (lab)
$ cd REVEIWER
bash: cd: REVEIWER: No such file or directory

PC20@DESKTOP-H9MQ4MA MINGW64 ~/Documents/Git-lab/branch (lab)
$ cd REVIEWER

PC20@DESKTOP-H9MQ4MA MINGW64 ~/Documents/Git-lab/branch/REVIEWER (lab)
$ touch Reviewer

PC20@DESKTOP-H9MQ4MA MINGW64 ~/Documents/Git-lab/branch/REVIEWER (lab)
$ git add Reviewer

PC20@DESKTOP-H9MQ4MA MINGW64 ~/Documents/Git-lab/branch/REVIEWER (lab)
$ code Reviewer

PC20@DESKTOP-H9MQ4MA MINGW64 ~/Documents/Git-lab/branch/REVIEWER (lab)
$